
ℹ️ You can download Git here: [https://git-scm.com/downloads](https://git-scm.com/downloads)




git --version

git config --global user.name "Andres G"
git config --global user.email "andres@gmail.com"

git init

git status

git add fileXX.ZZ

git commit -m "First Commit"

git log

To go to older version:
$ git checkout 264afd3ae3d89aad3d21af237ca2dbde8082e368

To go to latest version:
$ git checkout master


Ignorar:
touch .gitignore
nano .gitignore  (this file contains the list of files.  One line per file to be ignored)

You can ignore entire directories, just by including their paths and putting a / on the end:
node_modules/
logs/



$ git log
commit 542aa29d4bc9fe68db82a8929ea3836c603f3a9b (HEAD -> master)
Author: Andres G <andres@gmail.com>
Date:   Thu Jan 6 13:41:39 2022 +0100

    second Commit

commit 264afd3ae3d89aad3d21af237ca2dbde8082e368
Author: Andres G <andres@gmail.com>
Date:   Thu Jan 6 13:36:51 2022 +0100

    First Commit
